# Patterns that MUST match (grep -E, all must match for PASS)
PATTERN_1="MD5|md5"
PATTERN_2="32.*hex|128.*bit|32 characters|MD5.*32"
PATTERN_3="Hash type|hash type|algorithm|Hashcat"

# Patterns that must NOT match (any match = FAIL)
ANTIPATTERN_1="command not found|permission denied|fatal error"
ANTIPATTERN_2="No algorithms found"
